// Jest Snapshot v1, https://goo.gl/fbAQLP

exports[`<App /> should render 1`] = `
<div>
  <section
    class="todoapp"
  >
    <header
      class="header"
    >
      <h1>
        todos
      </h1>
      <input
        class="new-todo"
        placeholder="What needs to be done?"
        type="text"
        value=""
      />
    </header>
    <section
      class="main"
    >
      <input
        class="toggle-all"
        id="toggle-all"
        type="checkbox"
      />
      <label
        for="toggle-all"
      >
        Mark all as complete
      </label>
      <ul
        class="todo-list"
        data-testid="todo-list"
      >
        <li
          class="completed"
          data-testid="todo-item"
        >
          <div
            class="view"
          >
            <input
              checked=""
              class="toggle"
              id="todo-item-d4beac72-8135-4b16-a513-8600c3f7a9a0"
              type="checkbox"
            />
            <label
              for="todo-item-d4beac72-8135-4b16-a513-8600c3f7a9a0"
            >
              Taste JavaScript
            </label>
            <button
              class="destroy"
            />
          </div>
        </li>
        <li
          class=""
          data-testid="todo-item"
        >
          <div
            class="view"
          >
            <input
              class="toggle"
              id="todo-item-ca6a04fb-88b6-4fb2-8a79-7663bf4cffcd"
              type="checkbox"
            />
            <label
              for="todo-item-ca6a04fb-88b6-4fb2-8a79-7663bf4cffcd"
            >
              Buy a unicorn
            </label>
            <button
              class="destroy"
            />
          </div>
        </li>
      </ul>
    </section>
    <footer
      class="footer"
    >
      <span
        class="todo-count"
      >
        <strong>
          1
        </strong>
         item left
      </span>
      <ul
        class="filters"
      >
        <li>
          <a
            aria-current="page"
            class="selected"
            href="/"
          >
            All
          </a>
        </li>
        <li>
          <a
            href="/active"
          >
            Active
          </a>
        </li>
        <li>
          <a
            href="/completed"
          >
            Completed
          </a>
        </li>
      </ul>
      <button
        class="clear-completed"
      >
        Clear completed
      </button>
    </footer>
  </section>
  <footer
    class="info"
  >
    <p>
      Double-click to edit a todo
    </p>
    <p>
      Created by 
      <a
        href="https://manuphatak.com"
      >
        Manu Phatak
      </a>
    </p>
    <p>
      Part of 
      <a
        href="http://todomvc.com"
      >
        TodoMVC
      </a>
    </p>
  </footer>
</div>
`;

exports[`<App /> when creating a new todo should match diff snapshot 1`] = `
Snapshot Diff:
- First value
+ Second value

@@ -75,20 +75,42 @@
              <button
                class="destroy"
              />
            </div>
          </li>
+         <li
+           class=""
+           data-testid="todo-item"
+         >
+           <div
+             class="view"
+           >
+             <input
+               class="toggle"
+               id="todo-item-a09926de-eacd-42f0-a415-d24842a3c555"
+               type="checkbox"
+             />
+             <label
+               for="todo-item-a09926de-eacd-42f0-a415-d24842a3c555"
+             >
+               Create a TODO for testing
+             </label>
+             <button
+               class="destroy"
+             />
+           </div>
+         </li>
        </ul>
      </section>
      <footer
        class="footer"
      >
        <span
          class="todo-count"
        >
          <strong>
-           1
+           2
          </strong>
           item left
        </span>
        <ul
          class="filters"
`;
